a
1
12+
23+
34+
45+
6
12+3-45*6/7*+8+9-0+
0!__________2-53/+
123*+4_+
bar+_/
abc+de*f/-g+hi*j/-=
pq___r__-=
f4!g4=+=
x25*8*y34+=_+%=
zZ!%__f*=
abcdefghijklmnopqrstuvwxyzABCDEFGHIJKLMNOPQRSTUVWXYZ01+2+3+4+5+6+7+8+9+01*2*3*4*5*6*7*8*9*0*+1-2-3-4-5-6-7-8-9-01/2/3/4/5/6/7/8/9/a/-b+c+d+e+f+g+h+i+j+k+l+m+n+o+p+q+r+s+t+u+v+w+x+y+z+A+BCDEFGHIJKLMNOPQRSTUVWXYZab*-c*-d*-e*-f*-g*-h*-i*-j*-k*-l*-m*-n*-o*-p*-q*-r*-s*-t*-u*-v*-w*-x*-y*-z*-a*-====================================================
b
c
d
e
f
g
h
i
j
k
l
m
n
o
p
q
r
s
t
u
v
w
x
y
z
